
                            < M A T L A B (R) >
                  Copyright 1984-2016 The MathWorks, Inc.
                   R2016b (9.1.0.441655) 64-bit (glnxa64)
                             September 7, 2016

#############################################################################
#              $$$ Enjoy the pure-MATLAB Toolbox <pop-lso> $$$              #
#                        --- version: 1.00.000.1 ---                        #
#############################################################################
funcDim - 1 : runtime - 1.06105e-01.
funcDim - 2 : runtime - 1.28130e-02.
funcDim - 3 : runtime - 1.11910e-02.
funcDim - 4 : runtime - 1.17510e-02.
funcDim - 5 : runtime - 5.19800e-03.
funcDim - 6 : runtime - 1.35100e-03.
funcDim - 7 : runtime - 1.12200e-03.
funcDim - 8 : runtime - 1.47700e-03.
funcDim - 9 : runtime - 1.05100e-03.
funcDim - 10 : runtime - 1.07200e-03.
funcDim - 11 : runtime - 1.08500e-03.
funcDim - 12 : runtime - 1.05000e-03.
funcDim - 13 : runtime - 1.12200e-03.
funcDim - 14 : runtime - 1.09300e-03.
funcDim - 15 : runtime - 1.14100e-03.
funcDim - 16 : runtime - 1.24000e-03.
funcDim - 17 : runtime - 1.41600e-03.
funcDim - 18 : runtime - 1.37400e-03.
funcDim - 19 : runtime - 1.55100e-03.
funcDim - 20 : runtime - 1.56500e-03.
funcDim - 21 : runtime - 1.61900e-03.
funcDim - 22 : runtime - 1.67000e-03.
funcDim - 23 : runtime - 1.63000e-03.
funcDim - 24 : runtime - 1.83800e-03.
funcDim - 25 : runtime - 1.75800e-03.
funcDim - 26 : runtime - 1.85200e-03.
funcDim - 27 : runtime - 1.92100e-03.
funcDim - 28 : runtime - 2.03500e-03.
funcDim - 29 : runtime - 2.06000e-03.
funcDim - 30 : runtime - 2.23000e-03.
funcDim - 31 : runtime - 2.28500e-03.
funcDim - 32 : runtime - 2.35400e-03.
funcDim - 33 : runtime - 2.47000e-03.
funcDim - 34 : runtime - 2.48900e-03.
funcDim - 35 : runtime - 2.71100e-03.
funcDim - 36 : runtime - 2.81000e-03.
funcDim - 37 : runtime - 2.88700e-03.
funcDim - 38 : runtime - 3.03400e-03.
funcDim - 39 : runtime - 3.12700e-03.
funcDim - 40 : runtime - 3.28900e-03.
funcDim - 41 : runtime - 3.35400e-03.
funcDim - 42 : runtime - 3.26300e-03.
funcDim - 43 : runtime - 3.48900e-03.
funcDim - 44 : runtime - 3.59000e-03.
funcDim - 45 : runtime - 3.87200e-03.
funcDim - 46 : runtime - 4.06800e-03.
funcDim - 47 : runtime - 4.25000e-03.
funcDim - 48 : runtime - 4.35600e-03.
funcDim - 49 : runtime - 4.52000e-03.
funcDim - 50 : runtime - 4.62700e-03.
funcDim - 51 : runtime - 4.74300e-03.
funcDim - 52 : runtime - 4.83800e-03.
funcDim - 53 : runtime - 4.87000e-03.
funcDim - 54 : runtime - 5.04000e-03.
funcDim - 55 : runtime - 5.24600e-03.
funcDim - 56 : runtime - 5.27600e-03.
funcDim - 57 : runtime - 5.50000e-03.
funcDim - 58 : runtime - 5.72700e-03.
funcDim - 59 : runtime - 6.16600e-03.
funcDim - 60 : runtime - 6.33700e-03.
funcDim - 61 : runtime - 6.61400e-03.
funcDim - 62 : runtime - 6.60100e-03.
funcDim - 63 : runtime - 7.20600e-03.
funcDim - 64 : runtime - 7.44700e-03.
funcDim - 65 : runtime - 7.57600e-03.
funcDim - 66 : runtime - 7.66500e-03.
funcDim - 67 : runtime - 7.50300e-03.
funcDim - 68 : runtime - 7.92400e-03.
funcDim - 69 : runtime - 8.28800e-03.
funcDim - 70 : runtime - 8.27900e-03.
funcDim - 71 : runtime - 8.58500e-03.
funcDim - 72 : runtime - 8.82100e-03.
funcDim - 73 : runtime - 9.35500e-03.
funcDim - 74 : runtime - 9.85500e-03.
funcDim - 75 : runtime - 9.42500e-03.
funcDim - 76 : runtime - 9.57400e-03.
funcDim - 77 : runtime - 1.00430e-02.
funcDim - 78 : runtime - 1.00930e-02.
funcDim - 79 : runtime - 1.79510e-02.
funcDim - 80 : runtime - 2.50130e-02.
funcDim - 81 : runtime - 2.19270e-02.
funcDim - 82 : runtime - 2.03760e-02.
funcDim - 83 : runtime - 1.88090e-02.
funcDim - 84 : runtime - 1.74440e-02.
funcDim - 85 : runtime - 1.68870e-02.
funcDim - 86 : runtime - 1.44790e-02.
funcDim - 87 : runtime - 1.26410e-02.
funcDim - 88 : runtime - 1.32330e-02.
funcDim - 89 : runtime - 1.34060e-02.
funcDim - 90 : runtime - 1.41950e-02.
funcDim - 91 : runtime - 1.35490e-02.
funcDim - 92 : runtime - 1.33310e-02.
funcDim - 93 : runtime - 1.41840e-02.
funcDim - 94 : runtime - 1.49690e-02.
funcDim - 95 : runtime - 1.44130e-02.
funcDim - 96 : runtime - 1.43990e-02.
funcDim - 97 : runtime - 1.47530e-02.
funcDim - 98 : runtime - 1.50380e-02.
funcDim - 99 : runtime - 1.53940e-02.
funcDim - 100 : runtime - 1.58080e-02.
funcDim - 1000 : runtime - 2.50208e+00.
funcDim - 10000 : runtime - 3.10892e+03.
$ - runtime - $: 3.11236e+03 seconds.
